starting test execution 
full test report: { executed : 0, warnings : 0, errors : 0}