-> 00000000004017AD 00000000004013E8
-> 000000000040171B 00000000004017ED
-> 00000000004015B0 0000000000401783
<- 00000000004015B0 0000000000401783
<- 000000000040171B 00000000004017ED
<- 00000000004017AD 00000000004013E8
